// Jest Snapshot v1, https://goo.gl/fbAQLP

exports[`setColorValuesOnTarget should be able to handle a linear gradient 1`] = `
[
  {
    "gradientStops": [
      {
        "color": {
          "a": 1,
          "b": 0,
          "g": 0,
          "r": 0,
        },
        "position": 0,
      },
      {
        "color": {
          "a": 1,
          "b": 1,
          "g": 1,
          "r": 1,
        },
        "position": 1,
      },
    ],
    "gradientTransform": [
      [
        1,
        0,
        0,
      ],
      [
        0,
        1,
        0,
      ],
    ],
    "type": "GRADIENT_LINEAR",
  },
]
`;
